<UIView; frame = (0 0; 320 568); autoresize = W+H; layer = <CALayer>>
   | <UITableView; frame = (0 20; 320 548); clipsToBounds = YES; gestureRecognizers = <NSArray>; layer = <CALayer>; contentOffset: {0, 0}; contentSize: {320, 1166.6666666666665}; adjustedContentInset: {0, 0, 0, 0}; dataSource: <_TtCFC20SnapshotTestingTests20SnapshotTestingTests23testTraitsWithTableViewFT_T_L_16MyViewController>>
   |    | <_TtCFC20SnapshotTestingTests20SnapshotTestingTests23testTraitsWithTableViewFT_T_L_4Cell; baseClass = UITableViewCell; frame = (0 531; 320 19.6667); autoresize = W; layer = <CALayer>>
   |    |    | <UITableViewCellContentView; frame = (0 0; 320 19.6667); gestureRecognizers = <NSArray>; layer = <CALayer>>
   |    |    |    | <UILabel; frame = (0 0; 320 19.6667); text = 'Hello'; userInteractionEnabled = NO; layer = <_UILabelLayer>>
   |    |    | <_UITableViewCellSeparatorView; frame = (16 19.3333; 304 0.333333); layer = <CALayer>>
   |    | <_TtCFC20SnapshotTestingTests20SnapshotTestingTests23testTraitsWithTableViewFT_T_L_4Cell; baseClass = UITableViewCell; frame = (0 511.333; 320 19.6667); autoresize = W; layer = <CALayer>>
   |    |    | <UITableViewCellContentView; frame = (0 0; 320 19.6667); gestureRecognizers = <NSArray>; layer = <CALayer>>
   |    |    |    | <UILabel; frame = (0 0; 320 19.6667); text = 'Hello'; userInteractionEnabled = NO; layer = <_UILabelLayer>>
   |    |    | <_UITableViewCellSeparatorView; frame = (16 19.3333; 304 0.333333); layer = <CALayer>>
   |    | <_TtCFC20SnapshotTestingTests20SnapshotTestingTests23testTraitsWithTableViewFT_T_L_4Cell; baseClass = UITableViewCell; frame = (0 491.667; 320 19.6667); autoresize = W; layer = <CALayer>>
   |    |    | <UITableViewCellContentView; frame = (0 0; 320 19.6667); gestureRecognizers = <NSArray>; layer = <CALayer>>
   |    |    |    | <UILabel; frame = (0 0; 320 19.6667); text = 'Hello'; userInteractionEnabled = NO; layer = <_UILabelLayer>>
   |    |    | <_UITableViewCellSeparatorView; frame = (16 19.3333; 304 0.333333); layer = <CALayer>>
   |    | <_TtCFC20SnapshotTestingTests20SnapshotTestingTests23testTraitsWithTableViewFT_T_L_4Cell; baseClass = UITableViewCell; frame = (0 472; 320 19.6667); autoresize = W; layer = <CALayer>>
   |    |    | <UITableViewCellContentView; frame = (0 0; 320 19.6667); gestureRecognizers = <NSArray>; layer = <CALayer>>
   |    |    |    | <UILabel; frame = (0 0; 320 19.6667); text = 'Hello'; userInteractionEnabled = NO; layer = <_UILabelLayer>>
   |    |    | <_UITableViewCellSeparatorView; frame = (16 19.3333; 304 0.333333); layer = <CALayer>>
   |    | <_TtCFC20SnapshotTestingTests20SnapshotTestingTests23testTraitsWithTableViewFT_T_L_4Cell; baseClass = UITableViewCell; frame = (0 452.333; 320 19.6667); autoresize = W; layer = <CALayer>>
   |    |    | <UITableViewCellContentView; frame = (0 0; 320 19.6667); gestureRecognizers = <NSArray>; layer = <CALayer>>
   |    |    |    | <UILabel; frame = (0 0; 320 19.6667); text = 'Hello'; userInteractionEnabled = NO; layer = <_UILabelLayer>>
   |    |    | <_UITableViewCellSeparatorView; frame = (16 19.3333; 304 0.333333); layer = <CALayer>>
   |    | <_TtCFC20SnapshotTestingTests20SnapshotTestingTests23testTraitsWithTableViewFT_T_L_4Cell; baseClass = UITableViewCell; frame = (0 432.667; 320 19.6667); autoresize = W; layer = <CALayer>>
   |    |    | <UITableViewCellContentView; frame = (0 0; 320 19.6667); gestureRecognizers = <NSArray>; layer = <CALayer>>
   |    |    |    | <UILabel; frame = (0 0; 320 19.6667); text = 'Hello'; userInteractionEnabled = NO; layer = <_UILabelLayer>>
   |    |    | <_UITableViewCellSeparatorView; frame = (16 19.3333; 304 0.333333); layer = <CALayer>>
   |    | <_TtCFC20SnapshotTestingTests20SnapshotTestingTests23testTraitsWithTableViewFT_T_L_4Cell; baseClass = UITableViewCell; frame = (0 413; 320 19.6667); autoresize = W; layer = <CALayer>>
   |    |    | <UITableViewCellContentView; frame = (0 0; 320 19.6667); gestureRecognizers = <NSArray>; layer = <CALayer>>
   |    |    |    | <UILabel; frame = (0 0; 320 19.6667); text = 'Hello'; userInteractionEnabled = NO; layer = <_UILabelLayer>>
   |    |    | <_UITableViewCellSeparatorView; frame = (16 19.3333; 304 0.333333); layer = <CALayer>>
   |    | <_TtCFC20SnapshotTestingTests20SnapshotTestingTests23testTraitsWithTableViewFT_T_L_4Cell; baseClass = UITableViewCell; frame = (0 393.333; 320 19.6667); autoresize = W; layer = <CALayer>>
   |    |    | <UITableViewCellContentView; frame = (0 0; 320 19.6667); gestureRecognizers = <NSArray>; layer = <CALayer>>
   |    |    |    | <UILabel; frame = (0 0; 320 19.6667); text = 'Hello'; userInteractionEnabled = NO; layer = <_UILabelLayer>>
   |    |    | <_UITableViewCellSeparatorView; frame = (16 19.3333; 304 0.333333); layer = <CALayer>>
   |    | <_TtCFC20SnapshotTestingTests20SnapshotTestingTests23testTraitsWithTableViewFT_T_L_4Cell; baseClass = UITableViewCell; frame = (0 373.667; 320 19.6667); autoresize = W; layer = <CALayer>>
   |    |    | <UITableViewCellContentView; frame = (0 0; 320 19.6667); gestureRecognizers = <NSArray>; layer = <CALayer>>
   |    |    |    | <UILabel; frame = (0 0; 320 19.6667); text = 'Hello'; userInteractionEnabled = NO; layer = <_UILabelLayer>>
   |    |    | <_UITableViewCellSeparatorView; frame = (16 19.3333; 304 0.333333); layer = <CALayer>>
   |    | <_TtCFC20SnapshotTestingTests20SnapshotTestingTests23testTraitsWithTableViewFT_T_L_4Cell; baseClass = UITableViewCell; frame = (0 354; 320 19.6667); autoresize = W; layer = <CALayer>>
   |    |    | <UITableViewCellContentView; frame = (0 0; 320 19.6667); gestureRecognizers = <NSArray>; layer = <CALayer>>
   |    |    |    | <UILabel; frame = (0 0; 320 19.6667); text = 'Hello'; userInteractionEnabled = NO; layer = <_UILabelLayer>>
   |    |    | <_UITableViewCellSeparatorView; frame = (16 19.3333; 304 0.333333); layer = <CALayer>>
   |    | <_TtCFC20SnapshotTestingTests20SnapshotTestingTests23testTraitsWithTableViewFT_T_L_4Cell; baseClass = UITableViewCell; frame = (0 334.333; 320 19.6667); autoresize = W; layer = <CALayer>>
   |    |    | <UITableViewCellContentView; frame = (0 0; 320 19.6667); gestureRecognizers = <NSArray>; layer = <CALayer>>
   |    |    |    | <UILabel; frame = (0 0; 320 19.6667); text = 'Hello'; userInteractionEnabled = NO; layer = <_UILabelLayer>>
   |    |    | <_UITableViewCellSeparatorView; frame = (16 19.3333; 304 0.333333); layer = <CALayer>>
   |    | <_TtCFC20SnapshotTestingTests20SnapshotTestingTests23testTraitsWithTableViewFT_T_L_4Cell; baseClass = UITableViewCell; frame = (0 314.667; 320 19.6667); autoresize = W; layer = <CALayer>>
   |    |    | <UITableViewCellContentView; frame = (0 0; 320 19.6667); gestureRecognizers = <NSArray>; layer = <CALayer>>
   |    |    |    | <UILabel; frame = (0 0; 320 19.6667); text = 'Hello'; userInteractionEnabled = NO; layer = <_UILabelLayer>>
   |    |    | <_UITableViewCellSeparatorView; frame = (16 19.3333; 304 0.333333); layer = <CALayer>>
   |    | <_TtCFC20SnapshotTestingTests20SnapshotTestingTests23testTraitsWithTableViewFT_T_L_4Cell; baseClass = UITableViewCell; frame = (0 295; 320 19.6667); autoresize = W; layer = <CALayer>>
   |    |    | <UITableViewCellContentView; frame = (0 0; 320 19.6667); gestureRecognizers = <NSArray>; layer = <CALayer>>
   |    |    |    | <UILabel; frame = (0 0; 320 19.6667); text = 'Hello'; userInteractionEnabled = NO; layer = <_UILabelLayer>>
   |    |    | <_UITableViewCellSeparatorView; frame = (16 19.3333; 304 0.333333); layer = <CALayer>>
   |    | <_TtCFC20SnapshotTestingTests20SnapshotTestingTests23testTraitsWithTableViewFT_T_L_4Cell; baseClass = UITableViewCell; frame = (0 275.333; 320 19.6667); autoresize = W; layer = <CALayer>>
   |    |    | <UITableViewCellContentView; frame = (0 0; 320 19.6667); gestureRecognizers = <NSArray>; layer = <CALayer>>
   |    |    |    | <UILabel; frame = (0 0; 320 19.6667); text = 'Hello'; userInteractionEnabled = NO; layer = <_UILabelLayer>>
   |    |    | <_UITableViewCellSeparatorView; frame = (16 19.3333; 304 0.333333); layer = <CALayer>>
   |    | <_TtCFC20SnapshotTestingTests20SnapshotTestingTests23testTraitsWithTableViewFT_T_L_4Cell; baseClass = UITableViewCell; frame = (0 255.667; 320 19.6667); autoresize = W; layer = <CALayer>>
   |    |    | <UITableViewCellContentView; frame = (0 0; 320 19.6667); gestureRecognizers = <NSArray>; layer = <CALayer>>
   |    |    |    | <UILabel; frame = (0 0; 320 19.6667); text = 'Hello'; userInteractionEnabled = NO; layer = <_UILabelLayer>>
   |    |    | <_UITableViewCellSeparatorView; frame = (16 19.3333; 304 0.333333); layer = <CALayer>>
   |    | <_TtCFC20SnapshotTestingTests20SnapshotTestingTests23testTraitsWithTableViewFT_T_L_4Cell; baseClass = UITableViewCell; frame = (0 236; 320 19.6667); autoresize = W; layer = <CALayer>>
   |    |    | <UITableViewCellContentView; frame = (0 0; 320 19.6667); gestureRecognizers = <NSArray>; layer = <CALayer>>
   |    |    |    | <UILabel; frame = (0 0; 320 19.6667); text = 'Hello'; userInteractionEnabled = NO; layer = <_UILabelLayer>>
   |    |    | <_UITableViewCellSeparatorView; frame = (16 19.3333; 304 0.333333); layer = <CALayer>>
   |    | <_TtCFC20SnapshotTestingTests20SnapshotTestingTests23testTraitsWithTableViewFT_T_L_4Cell; baseClass = UITableViewCell; frame = (0 216.333; 320 19.6667); autoresize = W; layer = <CALayer>>
   |    |    | <UITableViewCellContentView; frame = (0 0; 320 19.6667); gestureRecognizers = <NSArray>; layer = <CALayer>>
   |    |    |    | <UILabel; frame = (0 0; 320 19.6667); text = 'Hello'; userInteractionEnabled = NO; layer = <_UILabelLayer>>
   |    |    | <_UITableViewCellSeparatorView; frame = (16 19.3333; 304 0.333333); layer = <CALayer>>
   |    | <_TtCFC20SnapshotTestingTests20SnapshotTestingTests23testTraitsWithTableViewFT_T_L_4Cell; baseClass = UITableViewCell; frame = (0 196.667; 320 19.6667); autoresize = W; layer = <CALayer>>
   |    |    | <UITableViewCellContentView; frame = (0 0; 320 19.6667); gestureRecognizers = <NSArray>; layer = <CALayer>>
   |    |    |    | <UILabel; frame = (0 0; 320 19.6667); text = 'Hello'; userInteractionEnabled = NO; layer = <_UILabelLayer>>
   |    |    | <_UITableViewCellSeparatorView; frame = (16 19.3333; 304 0.333333); layer = <CALayer>>
   |    | <_TtCFC20SnapshotTestingTests20SnapshotTestingTests23testTraitsWithTableViewFT_T_L_4Cell; baseClass = UITableViewCell; frame = (0 177; 320 19.6667); autoresize = W; layer = <CALayer>>
   |    |    | <UITableViewCellContentView; frame = (0 0; 320 19.6667); gestureRecognizers = <NSArray>; layer = <CALayer>>
   |    |    |    | <UILabel; frame = (0 0; 320 19.6667); text = 'Hello'; userInteractionEnabled = NO; layer = <_UILabelLayer>>
   |    |    | <_UITableViewCellSeparatorView; frame = (16 19.3333; 304 0.333333); layer = <CALayer>>
   |    | <_TtCFC20SnapshotTestingTests20SnapshotTestingTests23testTraitsWithTableViewFT_T_L_4Cell; baseClass = UITableViewCell; frame = (0 157.333; 320 19.6667); autoresize = W; layer = <CALayer>>
   |    |    | <UITableViewCellContentView; frame = (0 0; 320 19.6667); gestureRecognizers = <NSArray>; layer = <CALayer>>
   |    |    |    | <UILabel; frame = (0 0; 320 19.6667); text = 'Hello'; userInteractionEnabled = NO; layer = <_UILabelLayer>>
   |    |    | <_UITableViewCellSeparatorView; frame = (16 19.3333; 304 0.333333); layer = <CALayer>>
   |    | <_TtCFC20SnapshotTestingTests20SnapshotTestingTests23testTraitsWithTableViewFT_T_L_4Cell; baseClass = UITableViewCell; frame = (0 137.667; 320 19.6667); autoresize = W; layer = <CALayer>>
   |    |    | <UITableViewCellContentView; frame = (0 0; 320 19.6667); gestureRecognizers = <NSArray>; layer = <CALayer>>
   |    |    |    | <UILabel; frame = (0 0; 320 19.6667); text = 'Hello'; userInteractionEnabled = NO; layer = <_UILabelLayer>>
   |    |    | <_UITableViewCellSeparatorView; frame = (16 19.3333; 304 0.333333); layer = <CALayer>>
   |    | <_TtCFC20SnapshotTestingTests20SnapshotTestingTests23testTraitsWithTableViewFT_T_L_4Cell; baseClass = UITableViewCell; frame = (0 118; 320 19.6667); autoresize = W; layer = <CALayer>>
   |    |    | <UITableViewCellContentView; frame = (0 0; 320 19.6667); gestureRecognizers = <NSArray>; layer = <CALayer>>
   |    |    |    | <UILabel; frame = (0 0; 320 19.6667); text = 'Hello'; userInteractionEnabled = NO; layer = <_UILabelLayer>>
   |    |    | <_UITableViewCellSeparatorView; frame = (16 19.3333; 304 0.333333); layer = <CALayer>>
   |    | <_TtCFC20SnapshotTestingTests20SnapshotTestingTests23testTraitsWithTableViewFT_T_L_4Cell; baseClass = UITableViewCell; frame = (0 98.3333; 320 19.6667); autoresize = W; layer = <CALayer>>
   |    |    | <UITableViewCellContentView; frame = (0 0; 320 19.6667); gestureRecognizers = <NSArray>; layer = <CALayer>>
   |    |    |    | <UILabel; frame = (0 0; 320 19.6667); text = 'Hello'; userInteractionEnabled = NO; layer = <_UILabelLayer>>
   |    |    | <_UITableViewCellSeparatorView; frame = (16 19.3333; 304 0.333333); layer = <CALayer>>
   |    | <_TtCFC20SnapshotTestingTests20SnapshotTestingTests23testTraitsWithTableViewFT_T_L_4Cell; baseClass = UITableViewCell; frame = (0 78.6667; 320 19.6667); autoresize = W; layer = <CALayer>>
   |    |    | <UITableViewCellContentView; frame = (0 0; 320 19.6667); gestureRecognizers = <NSArray>; layer = <CALayer>>
   |    |    |    | <UILabel; frame = (0 0; 320 19.6667); text = 'Hello'; userInteractionEnabled = NO; layer = <_UILabelLayer>>
   |    |    | <_UITableViewCellSeparatorView; frame = (16 19.3333; 304 0.333333); layer = <CALayer>>
   |    | <_TtCFC20SnapshotTestingTests20SnapshotTestingTests23testTraitsWithTableViewFT_T_L_4Cell; baseClass = UITableViewCell; frame = (0 59; 320 19.6667); autoresize = W; layer = <CALayer>>
   |    |    | <UITableViewCellContentView; frame = (0 0; 320 19.6667); gestureRecognizers = <NSArray>; layer = <CALayer>>
   |    |    |    | <UILabel; frame = (0 0; 320 19.6667); text = 'Hello'; userInteractionEnabled = NO; layer = <_UILabelLayer>>
   |    |    | <_UITableViewCellSeparatorView; frame = (16 19.3333; 304 0.333333); layer = <CALayer>>
   |    | <_TtCFC20SnapshotTestingTests20SnapshotTestingTests23testTraitsWithTableViewFT_T_L_4Cell; baseClass = UITableViewCell; frame = (0 39.3333; 320 19.6667); autoresize = W; layer = <CALayer>>
   |    |    | <UITableViewCellContentView; frame = (0 0; 320 19.6667); gestureRecognizers = <NSArray>; layer = <CALayer>>
   |    |    |    | <UILabel; frame = (0 0; 320 19.6667); text = 'Hello'; userInteractionEnabled = NO; layer = <_UILabelLayer>>
   |    |    | <_UITableViewCellSeparatorView; frame = (16 19.3333; 304 0.333333); layer = <CALayer>>
   |    | <_TtCFC20SnapshotTestingTests20SnapshotTestingTests23testTraitsWithTableViewFT_T_L_4Cell; baseClass = UITableViewCell; frame = (0 19.6667; 320 19.6667); autoresize = W; layer = <CALayer>>
   |    |    | <UITableViewCellContentView; frame = (0 0; 320 19.6667); gestureRecognizers = <NSArray>; layer = <CALayer>>
   |    |    |    | <UILabel; frame = (0 0; 320 19.6667); text = 'Hello'; userInteractionEnabled = NO; layer = <_UILabelLayer>>
   |    |    | <_UITableViewCellSeparatorView; frame = (16 19.3333; 304 0.333333); layer = <CALayer>>
   |    | <_TtCFC20SnapshotTestingTests20SnapshotTestingTests23testTraitsWithTableViewFT_T_L_4Cell; baseClass = UITableViewCell; frame = (0 0; 320 19.6667); autoresize = W; layer = <CALayer>>
   |    |    | <UITableViewCellContentView; frame = (0 0; 320 19.6667); gestureRecognizers = <NSArray>; layer = <CALayer>>
   |    |    |    | <UILabel; frame = (0 0; 320 19.6667); text = 'Hello'; userInteractionEnabled = NO; layer = <_UILabelLayer>>
   |    |    | <_UITableViewCellSeparatorView; frame = (16 19.3333; 304 0.333333); layer = <CALayer>>
   |    | <_UIScrollViewScrollIndicator; frame = (-42 542; 36 3); alpha = 0; autoresize = TM; layer = <CALayer>>
   |    |    | <UIView; frame = (0 0; 36 3); layer = <CALayer>>
   |    | <_UIScrollViewScrollIndicator; frame = (314 -39; 3 36); alpha = 0; autoresize = LM; layer = <CALayer>>
   |    |    | <UIView; frame = (0 0; 3 36); layer = <CALayer>>